Boomerang alpha 0.3.1 09/Sep/2006
loading...
decoding entry point...
decoding anything undecoded...
finishing decode...
found 2 procs
decompiling...
 considering main
  considering atexit
  decompiling atexit
 decompiling main
global type analysis for main
global type analysis for atexit
generating code...
output written to ./tests/outputs/pentium/asgngoto
completed in 0 secs.
