main function not found
decompiling entry point _start
WARNING: no out edge for this BB in _start:
Invalid BB:
in edges: 0x804899c 
out edges: 
0000000x80489a1

