Boomerang alpha 0.3.1 09/Sep/2006
loading...
decoding entry point...
decoding anything undecoded...
finishing decode...
found 3 procs
decompiling...
 considering main
  considering b
   considering c
   decompiling c
   reconsidering c
    considering d
     considering e
     decompiling e
    decompiling d
    considering f
     considering g
     decompiling g
    decompiling f
    considering h
     considering i
     decompiling i
    decompiling h
    considering j
     considering k
     decompiling k
    decompiling j
    considering l
    decompiling l
   decompiling c
  decompiling b
 decompiling main
global type analysis for main
global type analysis for b
global type analysis for c
global type analysis for d
global type analysis for f
global type analysis for h
global type analysis for j
global type analysis for l
global type analysis for e
global type analysis for g
global type analysis for i
global type analysis for k
iigenerating code...
output written to ./tests/outputs/pentium/recursion
completed in 1 sec.
