Boomerang alpha 0.3.2 19/Aug/2010
loading...
decoding entry point...
decoding anything undecoded...
finishing decode...
found 37 procs
decompiling...
 considering main
  considering glutInit
   considering __glutWarning
   decompiling __glutWarning
   considering __glutFatalError
   decompiling __glutFatalError
   considering __glutStrdup
   decompiling __glutStrdup
   considering __glutOpenXConnection
   decompiling __glutOpenXConnection
   considering __glutInitTime
   decompiling __glutInitTime
   considering glutInitWindowSize
   decompiling glutInitWindowSize
   considering glutInitWindowPosition
   decompiling glutInitWindowPosition
   considering proc5
   decompiling proc5
  decompiling glutInit
  considering glutInitDisplayMode
  decompiling glutInitDisplayMode
  considering glutCreateWindow
   considering __glutCreateWindow
    considering proc7
    decompiling proc7
    considering __glutDetermineWindowVisual
     considering __glutDetermineVisual
     decompiling __glutDetermineVisual
    decompiling __glutDetermineWindowVisual
    considering __glutSetupColormap
    decompiling __glutSetupColormap
    reconsidering __glutSetupColormap
    decompiling __glutSetupColormap
    considering __glutSetWindow
     considering __glutPutOnWorkList
     decompiling __glutPutOnWorkList
    decompiling __glutSetWindow
    considering __glutDetermineMesaSwapHackSupport
    decompiling __glutDetermineMesaSwapHackSupport
   decompiling __glutCreateWindow
  decompiling glutCreateWindow
  considering init
  decompiling init
  considering glutDisplayFunc
  decompiling glutDisplayFunc
  considering glutKeyboardFunc
   considering __glutChangeWindowEventMask
   decompiling __glutChangeWindowEventMask
  decompiling glutKeyboardFunc
  considering glutSpecialFunc
  decompiling glutSpecialFunc
  considering glutReshapeFunc
  decompiling glutReshapeFunc
  considering glutMainLoop
   considering __glutFatalUsage
   decompiling __glutFatalUsage
   considering proc1
    considering __glutEstablishColormapsProperty
     considering proc8
    decompiling __glutEstablishColormapsProperty
    considering glutReportErrors
    decompiling glutReportErrors
   considering proc3
    considering proc4
     considering proc6
     decompiling proc6
     considering handleTimeouts
     decompiling handleTimeouts
    decompiling proc4
    reconsidering proc4
     considering __glutGetWindow
     decompiling __glutGetWindow
     considering proc9
     decompiling proc9
     considering __glutPostRedisplay
     decompiling __glutPostRedisplay
     considering proc10
    decompiling proc4
    reconsidering proc4
    decompiling proc4
   decompiling proc3
   considering proc2
   decompiling proc2
