Boomerang alpha 0.3.1 09/Sep/2006
loading...
decoding entry point...
decoding anything undecoded...
finishing decode...
found 1 procs
decompiling...
 considering main
global type analysis for main
iiigenerating code...
output written to ./tests/outputs/sparc/daysofxmas
completed in 2 secs.
