Invalid instruction at 0x106ec: 137 
160 
25 
34 
boomerang: /terra/development/Hobby/Decompilation/Systems/boomerang_git/frontend/sparcfrontend.cpp:798: virtual bool SparcFrontEnd::processProc(ADDRESS, UserProc*, std::ofstream&, bool, bool): Assertion `false' failed.
