Boomerang alpha 0.3.2 19/Aug/2010
loading...
decoding entry point...
decoding anything undecoded...
finishing decode...
found 2 procs
decompiling...
 considering main
  considering fib
 decompiling main
global type analysis for main
global type analysis for fib
generating code...
output written to ./tests/outputs/sparc/fibo-O4
completed in 1 sec.
