Boomerang alpha 0.3.1 09/Sep/2006
loading...
decoding entry point...
decoding anything undecoded...
finishing decode...
found 2 procs
decompiling...
 considering main
  considering fib
 decompiling main
global type analysis for main
global type analysis for fib
generating code...
output written to ./tests/outputs/sparc/fibo3
completed in 0 secs.
