Invalid instruction at 10788: 00 
00 
00 
08 
boomerang: /terra/development/Hobby/Decompilation/Systems/boomerang_git/frontend/sparcfrontend.cpp:798: virtual bool SparcFrontEnd::processProc(ADDRESS, UserProc*, std::ofstream&, bool, bool): Assertion `false' failed.
