Boomerang alpha 0.3.2 19/Aug/2010
loading...
decoding entry point...
decoding anything undecoded...
finishing decode...
found 2 procs
decompiling...
 considering main
  considering proc1
  decompiling proc1
 decompiling main
global type analysis for main
global type analysis for proc1
generating code...
output written to ./tests/outputs/sparc/twoproc
completed in 1 sec.
