Unrecognised binary file
unrecognised binary file format.
failed.
