warning: textDelta different for section .got (ignoring).
decompiling entry point main
trt