warning: textDelta different for section .got (ignoring).
decompiling entry point main
WARNING: no out edge for this BB in main:
L2: Invalid BB:
in edges: 10000450 
out edges: 
10010428

