Boomerang alpha 0.3.2 19/Aug/2010
loading...
decoding entry point...
decoding anything undecoded...
finishing decode...
found 55 procs
decompiling...
 considering main
  considering proc1
   considering proc6
    considering proc11
    decompiling proc11
    considering proc12
     considering proc28
      considering proc18
      decompiling proc18
      considering proc20
      decompiling proc20
      considering proc39
       considering proc43
        considering proc44
       considering proc10
        considering proc27
         considering proc33
          considering proc46
           considering proc54
           decompiling proc54
          decompiling proc46
         decompiling proc33
         considering proc35
         decompiling proc35
         considering proc34
         decompiling proc34
         considering proc36
         decompiling proc36
         considering proc37
         decompiling proc37
         considering proc38
         decompiling proc38
        decompiling proc27
       decompiling proc10
      considering proc14
      decompiling proc14
      considering proc40
       considering proc49
        considering proc51
        decompiling proc51
        considering proc52
        decompiling proc52
       decompiling proc49
       considering proc48
       decompiling proc48
      decompiling proc40
      considering proc13
       considering proc25
       decompiling proc25
       considering proc26
        considering proc30
        decompiling proc30
