decompiling entry point main
rtprtrtttprrtrptrrprttttrrpttrrptttrprrtttprttrprtprprrrtttttttrprprtrrboomerang: /terra/development/Hobby/Decompilation/Systems/boomerang_git/db/basicblock.cpp:2077: bool BasicBlock::decodeIndirectJmp(UserProc*): Assertion `swi->iNumTable > 0' failed.
