Boomerang alpha 0.3.2 19/Aug/2010
loading...
decoding entry point...
decoding anything undecoded...
finishing decode...
found 5 procs
decompiling...
 considering main
  considering proc1
   considering proc2
    considering proc4
    decompiling proc4
    considering proc3
    decompiling proc3
   decompiling proc2
   reconsidering proc2
    considering proc8
    decompiling proc8
    considering proc5
     considering proc12
     decompiling proc12
     considering proc11
     decompiling proc11
    decompiling proc5
    considering proc6
    decompiling proc6
    considering proc7
    decompiling proc7
    considering proc9
    decompiling proc9
    considering proc10
    decompiling proc10
   decompiling proc2
  decompiling proc1
 decompiling main
 reconsidering main
 decompiling main
global type analysis for main
global type analysis for proc1
global type analysis for proc2
global type analysis for proc3
global type analysis for proc4
global type analysis for proc5
global type analysis for proc6
global type analysis for proc7
global type analysis for proc8
global type analysis for proc9
global type analysis for proc10
global type analysis for proc11
global type analysis for proc12
 transforming out of SSA form proc2 with 193 BBsiiiiiiiiiiiiiiiiiiiiiiii