Boomerang alpha 0.3.2 19/Aug/2010
loading...
decoding entry point...
decoding anything undecoded...
finishing decode...
found 18 procs
decompiling...
 considering main
  considering proc1
   considering proc2
    considering proc5
    decompiling proc5
    considering proc6
     considering proc8
      considering proc9
       considering proc11
        considering proc13
        decompiling proc13
        considering proc14
        decompiling proc14
       decompiling proc11
      decompiling proc9
      considering proc10
      decompiling proc10
     decompiling proc8
    decompiling proc6
   decompiling proc2
   considering proc3
   decompiling proc3
   reconsidering proc3
    considering proc18
     considering proc23
      considering proc24
      decompiling proc24
      considering proc12
       considering proc15
        considering proc17
        decompiling proc17
        considering proc16
        decompiling proc16
       decompiling proc15
      decompiling proc12
     decompiling proc23
    decompiling proc18
    considering proc19
    decompiling proc19
    considering proc20
    decompiling proc20
    considering proc21
    decompiling proc21
    considering proc22
    decompiling proc22
   decompiling proc3
   reconsidering proc3
    considering proc25
    decompiling proc25
    considering proc26
    decompiling proc26
    considering proc27
    decompiling proc27
    considering proc28
    decompiling proc28
   decompiling proc3
   considering proc4
    considering proc7
    decompiling proc7
   decompiling proc4
  decompiling proc1
 decompiling main
 reconsidering main
 decompiling main
 considering proc29
  considering proc30
   considering proc32
    considering proc33
    decompiling proc33
    considering proc34
    decompiling proc34
   decompiling proc32
   considering proc31
   decompiling proc31
  decompiling proc30
 decompiling proc29
global type analysis for main
global type analysis for proc1
global type analysis for proc2
global type analysis for proc3
global type analysis for proc4
global type analysis for proc5
global type analysis for proc6
global type analysis for proc7
global type analysis for proc8
global type analysis for proc9
global type analysis for proc10
global type analysis for proc11
global type analysis for proc12
global type analysis for proc13
global type analysis for proc14
global type analysis for proc15
global type analysis for proc16
global type analysis for proc17
global type analysis for proc18
global type analysis for proc19
global type analysis for proc20
global type analysis for proc21
global type analysis for proc22
global type analysis for proc23
global type analysis for proc24
global type analysis for proc25
global type analysis for proc26
global type analysis for proc27
global type analysis for proc28
global type analysis for proc29
global type analysis for proc30
global type analysis for proc31
global type analysis for proc32
global type analysis for proc33
global type analysis for proc34
i transforming out of SSA form proc3 with 176 BBsiiiiiiiiiiiiiiiiiiii
iiiiiiiiiiiiiiiiiiiiiiiiigenerating code...
output written to ./tests/outputs/windows/switch_msvc5
completed in 17 secs.
