Boomerang alpha 0.3.1 09/Sep/2006
loading...
decoding entry point...
decoding anything undecoded...
finishing decode...
found 24 procs
decompiling...
 considering main
  considering proc2
  decompiling proc2
 decompiling main
 considering proc3
  considering proc7
  decompiling proc7
  considering proc8
   considering proc23
   decompiling proc23
  decompiling proc8
  considering proc9
   considering proc21
   decompiling proc21
   considering proc22
   decompiling proc22
  decompiling proc9
  considering proc10
  decompiling proc10
 decompiling proc3
 considering proc4
 decompiling proc4
 reconsidering proc4
  considering proc6
  decompiling proc6
 decompiling proc4
 considering proc5
  considering proc11
   considering proc16
   decompiling proc16
   considering proc18
    considering proc24
    decompiling proc24
   decompiling proc18
  decompiling proc11
  considering proc13
   considering proc17
   decompiling proc17
  decompiling proc13
  considering proc12
  decompiling proc12
  considering proc14
   considering proc19
   decompiling proc19
  decompiling proc14
  considering proc15
   considering proc20
   decompiling proc20
  decompiling proc15
 decompiling proc5
global type analysis for main
global type analysis for proc2
global type analysis for proc3
global type analysis for proc4
global type analysis for proc5
global type analysis for proc6
global type analysis for proc7
global type analysis for proc8
global type analysis for proc9
global type analysis for proc10
global type analysis for proc11
global type analysis for proc12
global type analysis for proc13
global type analysis for proc14
global type analysis for proc15
global type analysis for proc16
global type analysis for proc17
global type analysis for proc18
global type analysis for proc19
global type analysis for proc20
global type analysis for proc21
global type analysis for proc22
global type analysis for proc23
global type analysis for proc24
iiiiiiiiiiiiigenerating code...
output written to ./tests/outputs/pentium/ass2
completed in 2 secs.
