Boomerang alpha 0.3.1 09/Sep/2006
loading...
decoding entry point...
decoding anything undecoded...
finishing decode...
found 1 procs
decompiling...
 considering main
global type analysis for main
iigenerating code...
output written to ./tests/outputs/pentium/daysofxmas
completed in 0 secs.
