Boomerang alpha 0.3.2 19/Aug/2010
loading...
decoding entry point...
decoding anything undecoded...
finishing decode...
found 5 procs
decompiling...
 considering main
  considering proc2
  decompiling proc2
  considering proc4
  decompiling proc4
  considering proc3
   considering proc5
   decompiling proc5
   reconsidering proc5
   decompiling proc5
  decompiling proc3
 decompiling main
global type analysis for main
global type analysis for proc2
global type analysis for proc3
global type analysis for proc4
global type analysis for proc5
iiiigenerating code...
output written to ./tests/outputs/pentium/fedora2_true
completed in 1 sec.
