Boomerang alpha 0.3.1 09/Sep/2006
loading...
decoding entry point...
decoding anything undecoded...
finishing decode...
found 2 procs
decompiling...
 considering main
  considering rux_encrypt
  decompiling rux_encrypt
 decompiling main
global type analysis for main
global type analysis for rux_encrypt
igenerating code...
output written to ./tests/outputs/pentium/rux_encrypt
completed in 0 secs.
