Boomerang alpha 0.3.1 09/Sep/2006
loading...
decoding entry point...
decoding anything undecoded...
finishing decode...
found 1 procs
decompiling...
 considering main
 decompiling main
 considering __thunk_36_foo__1D
 decompiling __thunk_36_foo__1D
global type analysis for main
global type analysis for __thunk_36_foo__1D
generating code...
output written to ./tests/outputs/pentium/shared2
completed in 0 secs.
