Boomerang alpha 0.3.1 09/Sep/2006
loading...
decoding entry point...
decoding anything undecoded...
finishing decode...
found 6 procs
decompiling...
 considering main
  considering atexit
   considering __i686.get_pc_thunk.bx
   decompiling __i686.get_pc_thunk.bx
  decompiling atexit
  considering usage
  decompiling usage
  considering version_etc
   considering version_etc_va
   decompiling version_etc_va
   reconsidering version_etc_va
   decompiling version_etc_va
  decompiling version_etc
 decompiling main
global type analysis for main
global type analysis for atexit
global type analysis for version_etc
global type analysis for usage
global type analysis for version_etc_va
global type analysis for __i686.get_pc_thunk.bx
iiiigenerating code...
output written to ./tests/outputs/pentium/suse_true
completed in 1 sec.
