Boomerang alpha 0.3.1 09/Sep/2006
loading...
decoding entry point...
decoding anything undecoded...
finishing decode...
found 3 procs
decompiling...
 considering main
  considering mid
  decompiling mid
  considering fst
  decompiling fst
 decompiling main
global type analysis for main
global type analysis for mid
global type analysis for fst
generating code...
output written to ./tests/outputs/pentium/testarray2
completed in 0 secs.
