Boomerang alpha 0.3.2 19/Aug/2010
loading...
decoding entry point...
decoding anything undecoded...
finishing decode...
found 2 procs
decompiling...
 considering main
  considering getDevice
  decompiling getDevice
 decompiling main
global type analysis for main
global type analysis for getDevice
generating code...
output written to ./tests/outputs/pentium/twoproc3
completed in 0 secs.
