Boomerang alpha 0.3.1 09/Sep/2006
loading...
decoding entry point...
decoding anything undecoded...
finishing decode...
found 3 procs
decompiling...
 considering main
  considering fib1
   considering fib2
 decompiling main
global type analysis for main
global type analysis for fib1
global type analysis for fib2
generating code...
output written to ./tests/outputs/ppc/fibo2
completed in 1 sec.
