Boomerang alpha 0.3.2 19/Aug/2010
loading...
decoding entry point...
decoding anything undecoded...
finishing decode...
found 3 procs
decompiling...
 considering main
  considering foo1
   considering foo2
   decompiling foo2
  decompiling foo1
 decompiling main
global type analysis for main
global type analysis for foo1
global type analysis for foo2
generating code...
output written to ./tests/outputs/ppc/global1
completed in 0 secs.
