Boomerang alpha 0.3.2 19/Aug/2010
loading...
decoding entry point...
decoding anything undecoded...
finishing decode...
found 2 procs
decompiling...
 considering main
  considering fib
 decompiling main
