Boomerang alpha 0.3.1 09/Sep/2006
loading...
decoding entry point...
decoding anything undecoded...
finishing decode...
found 2 procs
decompiling...
 considering main
  considering proc1
  decompiling proc1
 decompiling main
global type analysis for main
global type analysis for proc1
generating code...
output written to ./tests/outputs/ppc/phi2
completed in 0 secs.
