Boomerang alpha 0.3.2 19/Aug/2010
loading...
decoding entry point...
decoding anything undecoded...
finishing decode...
found 1 procs
decompiling...
 considering main
 decompiling main
global type analysis for main
igenerating code...
output written to ./tests/outputs/ppc/semi
completed in 0 secs.
