warning: textDelta different for section .got (ignoring).
decompiling entry point main
rtWARNING: no out edge for this BB in main:
L9: Invalid BB:
in edges: 10000508 
out edges: 
100104e0

WARNING: no out edge for this BB in main:
L10: Invalid BB:
in edges: 100004d8 
out edges: 
10010444

