Boomerang alpha 0.3.2 19/Aug/2010
loading...
decoding entry point...
decoding anything undecoded...
finishing decode...
found 2 procs
decompiling...
 considering main
  considering stat
  decompiling stat
 decompiling main
global type analysis for main
global type analysis for stat
generating code...
output written to ./tests/outputs/ppc/superstat
completed in 0 secs.
