decompiling entry point main
pttttrpprprptttttttpttttttrprr