Boomerang alpha 0.3.1 09/Sep/2006
loading...
decoding entry point...
decoding anything undecoded...
finishing decode...
found 2 procs
decompiling...
 considering main
  considering test
  decompiling test
 decompiling main
global type analysis for main
global type analysis for test
generating code...
output written to ./tests/outputs/sparc/short2
completed in 1 sec.
