boomerang: /terra/development/Hobby/Decompilation/Systems/boomerang_git/db/cfg.cpp:740: bool Cfg::wellFormCfg(): Assertion `(int)current->m_OutEdges.size() == current->m_iNumOutEdges' failed.
